\BOOKMARK [0][-]{section*.1}{\376\377\000C\000o\000n\000t\000e\000n\000t\000s}{}% 1
\BOOKMARK [0][-]{chapter.1}{\376\377\0001\000\040\000R\000C\000\040\000C\000e\000r\000t\000i\000f\000i\000c\000a\000t\000i\000o\000n\000\040\000O\000v\000e\000r\000v\000i\000e\000w}{}% 2
\BOOKMARK [1][-]{section.1.1}{\376\377\0001\000.\0001\000\040\000W\000h\000a\000t\000\040\000i\000s\000\040\000t\000h\000e\000\040\000R\000e\000l\000i\000a\000b\000i\000l\000i\000t\000y\000\040\000C\000o\000o\000r\000d\000i\000n\000a\000t\000o\000r\000?}{chapter.1}% 3
\BOOKMARK [1][-]{section.1.2}{\376\377\0001\000.\0002\000\040\000N\000E\000R\000C\000\040\000C\000e\000r\000t\000i\000f\000i\000c\000a\000t\000i\000o\000n\000\040\000P\000r\000o\000g\000r\000a\000m\000s}{chapter.1}% 4
\BOOKMARK [1][-]{section.1.3}{\376\377\0001\000.\0003\000\040\000E\000x\000a\000m\000\040\000F\000o\000r\000m\000a\000t}{chapter.1}% 5
\BOOKMARK [1][-]{section.1.4}{\376\377\0001\000.\0004\000\040\000T\000h\000e\000\040\000F\000o\000u\000r\000\040\000E\000x\000a\000m\000\040\000D\000o\000m\000a\000i\000n\000s}{chapter.1}% 6
\BOOKMARK [0][-]{chapter.2}{\376\377\0002\000\040\000R\000e\000s\000o\000u\000r\000c\000e\000\040\000\046\000\040\000D\000e\000m\000a\000n\000d\000\040\000B\000a\000l\000a\000n\000c\000i\000n\000g}{}% 7
\BOOKMARK [1][-]{section.2.1}{\376\377\0002\000.\0001\000\040\000T\000h\000e\000\040\000A\000C\000E\000\040\000F\000o\000r\000m\000u\000l\000a}{chapter.2}% 8
\BOOKMARK [1][-]{section.2.2}{\376\377\0002\000.\0002\000\040\000R\000e\000s\000e\000r\000v\000e\000\040\000R\000e\000q\000u\000i\000r\000e\000m\000e\000n\000t\000s}{chapter.2}% 9
\BOOKMARK [1][-]{section.2.3}{\376\377\0002\000.\0003\000\040\000T\000i\000m\000e\000\040\000E\000r\000r\000o\000r\000\040\000C\000o\000r\000r\000e\000c\000t\000i\000o\000n\000s}{chapter.2}% 10
\BOOKMARK [0][-]{chapter.3}{\376\377\0003\000\040\000T\000r\000a\000n\000s\000m\000i\000s\000s\000i\000o\000n\000\040\000O\000p\000e\000r\000a\000t\000i\000o\000n\000s}{}% 11
\BOOKMARK [1][-]{section.3.1}{\376\377\0003\000.\0001\000\040\000S\000O\000L\000\040\000v\000s\000\040\000I\000R\000O\000L}{chapter.3}% 12
\BOOKMARK [1][-]{section.3.2}{\376\377\0003\000.\0002\000\040\000T\000L\000R\000\040\000L\000e\000v\000e\000l\000s\000\040\000\050\000E\000a\000s\000t\000e\000r\000n\000\040\000I\000n\000t\000e\000r\000c\000o\000n\000n\000e\000c\000t\000i\000o\000n\000\051}{chapter.3}% 13
\BOOKMARK [1][-]{section.3.3}{\376\377\0003\000.\0003\000\040\000P\000o\000w\000e\000r\000\040\000F\000l\000o\000w\000\040\000F\000u\000n\000d\000a\000m\000e\000n\000t\000a\000l\000s}{chapter.3}% 14
\BOOKMARK [0][-]{chapter.4}{\376\377\0004\000\040\000E\000m\000e\000r\000g\000e\000n\000c\000y\000\040\000P\000r\000e\000p\000a\000r\000e\000d\000n\000e\000s\000s}{}% 15
\BOOKMARK [1][-]{section.4.1}{\376\377\0004\000.\0001\000\040\000I\000R\000O\000-\0000\0000\0008\000-\0002\000:\000\040\000O\000p\000e\000r\000a\000t\000i\000o\000n\000a\000l\000\040\000P\000l\000a\000n\000n\000i\000n\000g\000\040\000A\000n\000a\000l\000y\000s\000i\000s\000\040\000\050\000O\000P\000A\000\051}{chapter.4}% 16
\BOOKMARK [1][-]{section.4.2}{\376\377\0004\000.\0002\000\040\000E\000O\000P\000-\0000\0001\0001\000-\0002\000:\000\040\000E\000m\000e\000r\000g\000e\000n\000c\000y\000\040\000O\000p\000e\000r\000a\000t\000i\000n\000g\000\040\000P\000l\000a\000n\000s}{chapter.4}% 17
\BOOKMARK [1][-]{section.4.3}{\376\377\0004\000.\0003\000\040\000E\000O\000P\000-\0000\0000\0005\000-\0003\000:\000\040\000B\000l\000a\000c\000k\000s\000t\000a\000r\000t\000\040\000R\000e\000s\000o\000u\000r\000c\000e\000s}{chapter.4}% 18
\BOOKMARK [0][-]{chapter.5}{\376\377\0005\000\040\000E\000m\000e\000r\000g\000e\000n\000c\000y\000\040\000R\000e\000s\000p\000o\000n\000s\000e\000\040\000\046\000\040\000R\000e\000s\000t\000o\000r\000a\000t\000i\000o\000n}{}% 19
\BOOKMARK [1][-]{section.5.1}{\376\377\0005\000.\0001\000\040\000S\000y\000s\000t\000e\000m\000\040\000R\000e\000s\000t\000o\000r\000a\000t\000i\000o\000n\000:\000\040\000B\000l\000a\000c\000k\000s\000t\000a\000r\000t\000\040\000B\000a\000s\000i\000c\000s}{chapter.5}% 20
\BOOKMARK [1][-]{section.5.2}{\376\377\0005\000.\0002\000\040\000U\000F\000L\000S\000\040\000a\000n\000d\000\040\000F\000r\000e\000q\000u\000e\000n\000c\000y\000\040\000T\000h\000r\000e\000s\000h\000o\000l\000d\000s}{chapter.5}% 21
\BOOKMARK [0][-]{chapter.6}{\376\377\0006\000\040\000I\000R\000O\000\040\040\024\000\040\000R\000C\000\040\000A\000u\000t\000h\000o\000r\000i\000t\000y\000\040\000\046\000\040\000W\000i\000d\000e\000-\000A\000r\000e\000a\000\040\000R\000e\000l\000i\000a\000b\000i\000l\000i\000t\000y}{}% 22
\BOOKMARK [1][-]{section.6.1}{\376\377\0006\000.\0001\000\040\000T\000h\000e\000\040\000O\000p\000e\000r\000a\000t\000i\000n\000g\000\040\000H\000i\000e\000r\000a\000r\000c\000h\000y}{chapter.6}% 23
\BOOKMARK [1][-]{section.6.2}{\376\377\0006\000.\0002\000\040\000I\000R\000O\000-\0000\0000\0001\000-\0004\000:\000\040\000R\000C\000\040\000A\000u\000t\000h\000o\000r\000i\000t\000y}{chapter.6}% 24
\BOOKMARK [0][-]{chapter.7}{\376\377\0007\000\040\000I\000n\000t\000e\000r\000c\000h\000a\000n\000g\000e\000\040\000S\000c\000h\000e\000d\000u\000l\000i\000n\000g}{}% 25
\BOOKMARK [1][-]{section.7.1}{\376\377\0007\000.\0001\000\040\000E\000-\000T\000a\000g\000\040\000R\000e\000q\000u\000i\000r\000e\000d\000\040\000E\000l\000e\000m\000e\000n\000t\000s}{chapter.7}% 26
\BOOKMARK [1][-]{section.7.2}{\376\377\0007\000.\0002\000\040\000I\000N\000T\000-\0000\0000\0006\000-\0005\000:\000\040\000R\000e\000l\000i\000a\000b\000i\000l\000i\000t\000y\000\040\000A\000d\000j\000u\000s\000t\000m\000e\000n\000t}{chapter.7}% 27
\BOOKMARK [0][-]{chapter.8}{\376\377\0008\000\040\000P\000o\000w\000e\000r\000\040\000S\000y\000s\000t\000e\000m\000s\000\040\000F\000u\000n\000d\000a\000m\000e\000n\000t\000a\000l\000s}{}% 28
\BOOKMARK [1][-]{section.8.1}{\376\377\0008\000.\0001\000\040\000G\000o\000v\000e\000r\000n\000o\000r\000\040\000D\000r\000o\000o\000p\000\040\000R\000e\000s\000p\000o\000n\000s\000e}{chapter.8}% 29
\BOOKMARK [1][-]{section.8.2}{\376\377\0008\000.\0002\000\040\000T\000h\000r\000e\000e\000\040\000L\000e\000v\000e\000l\000s\000\040\000o\000f\000\040\000F\000r\000e\000q\000u\000e\000n\000c\000y\000\040\000C\000o\000n\000t\000r\000o\000l}{chapter.8}% 30
\BOOKMARK [0][-]{chapter.9}{\376\377\0009\000\040\000V\000o\000l\000t\000a\000g\000e\000\040\000\046\000\040\000R\000e\000a\000c\000t\000i\000v\000e\000\040\000P\000o\000w\000e\000r}{}% 31
\BOOKMARK [1][-]{section.9.1}{\376\377\0009\000.\0001\000\040\000M\000V\000A\000R\000\040\000S\000o\000u\000r\000c\000e\000s\000\040\000a\000n\000d\000\040\000S\000i\000n\000k\000s}{chapter.9}% 32
\BOOKMARK [1][-]{section.9.2}{\376\377\0009\000.\0002\000\040\000V\000A\000R\000\040\000S\000t\000a\000n\000d\000a\000r\000d\000s\000\040\000S\000u\000m\000m\000a\000r\000y}{chapter.9}% 33
\BOOKMARK [0][-]{chapter.10}{\376\377\0001\0000\000\040\000P\000r\000a\000c\000t\000i\000c\000e\000\040\000\046\000\040\000E\000x\000a\000m\000\040\000S\000t\000r\000a\000t\000e\000g\000y}{}% 34
\BOOKMARK [1][-]{section.10.1}{\376\377\0001\0000\000.\0001\000\040\000C\000r\000i\000t\000i\000c\000a\000l\000\040\000N\000u\000m\000b\000e\000r\000s\000\040\000R\000e\000f\000e\000r\000e\000n\000c\000e}{chapter.10}% 35
\BOOKMARK [1][-]{section.10.2}{\376\377\0001\0000\000.\0002\000\040\000S\000c\000e\000n\000a\000r\000i\000o\000\040\000Q\000u\000e\000s\000t\000i\000o\000n\000\040\000F\000r\000a\000m\000e\000w\000o\000r\000k}{chapter.10}% 36
